{
  "version": "1.4.0",
  "plugins_used": [
    {
      "name": "ArtifactoryDetector"
    },
    {
      "name": "AWSKeyDetector"
    },
    {
      "name": "AzureStorageKeyDetector"
    },
    {
      "name": "BasicAuthDetector"
    },
    {
      "name": "CloudantDetector"
    },
    {
      "name": "DiscordBotTokenDetector"
    },
    {
      "name": "GitHubTokenDetector"
    },
    {
      "name": "IbmCloudIamDetector"
    },
    {
      "name": "IbmCosHmacDetector"
    },
    {
      "name": "JwtTokenDetector"
    },
    {
      "name": "KeywordDetector",
      "keyword_exclude": ""
    },
    {
      "name": "MailchimpDetector"
    },
    {
      "name": "NpmDetector"
    },
    {
      "name": "PrivateKeyDetector"
    },
    {
      "name": "SendGridDetector"
    },
    {
      "name": "SlackDetector"
    },
    {
      "name": "SoftlayerDetector"
    },
    {
      "name": "SquareOAuthDetector"
    },
    {
      "name": "StripeDetector"
    },
    {
      "name": "TwilioKeyDetector"
    }
  ],
  "filters_used": [
    {
      "path": "detect_secrets.filters.allowlist.is_line_allowlisted"
    },
    {
      "path": "detect_secrets.filters.common.is_ignored_due_to_verification_policies",
      "min_level": 2
    },
    {
      "path": "detect_secrets.filters.heuristic.is_indirect_reference"
    },
    {
      "path": "detect_secrets.filters.heuristic.is_likely_id_string"
    },
    {
      "path": "detect_secrets.filters.heuristic.is_lock_file"
    },
    {
      "path": "detect_secrets.filters.heuristic.is_not_alphanumeric_string"
    },
    {
      "path": "detect_secrets.filters.heuristic.is_potential_uuid"
    },
    {
      "path": "detect_secrets.filters.heuristic.is_prefixed_with_dollar_sign"
    },
    {
      "path": "detect_secrets.filters.heuristic.is_sequential_string"
    },
    {
      "path": "detect_secrets.filters.heuristic.is_swagger_file"
    },
    {
      "path": "detect_secrets.filters.heuristic.is_templated_secret"
    },
    {
      "path": "detect_secrets.filters.regex.should_exclude_file",
      "pattern": [
        "^(tests/|evidence/|results/|panda/splits\\.json|benchmarks/paired_acquisition_provenance_release/|package-lock\\.json|website/package-lock\\.json|\\.env(?:\\.[^/]+)?\\.example|\\.github/workflows/bootstrap-secrets-baseline\\.yml)"
      ]
    }
  ],
  "results": {
    ".github/workflows/security-scan.yml": [
      {
        "type": "Secret Keyword",
        "filename": ".github/workflows/security-scan.yml",
        "hashed_secret": "6a75aee74fc650a6ca8ca60b75b7b3bf64c76b20",
        "is_verified": false,
        "line_number": 44
      }
    ],
    "configs/monitoring/README.md": [
      {
        "type": "Secret Keyword",
        "filename": "configs/monitoring/README.md",
        "hashed_secret": "553117421c7784d0fece9328355bf703e6fa9c6f",
        "is_verified": false,
        "line_number": 73
      }
    ],
    "configs/taxonomies/tissue_types.yaml": [
      {
        "type": "Secret Keyword",
        "filename": "configs/taxonomies/tissue_types.yaml",
        "hashed_secret": "e863fdd8830b7cedb875652aa643fa1ebdca16c7",
        "is_verified": false,
        "line_number": 100
      },
      {
        "type": "Secret Keyword",
        "filename": "configs/taxonomies/tissue_types.yaml",
        "hashed_secret": "c7e55e25fced485ffa7e383798f1e17d247daf39",
        "is_verified": false,
        "line_number": 110
      }
    ],
    "deploy/README.md": [
      {
        "type": "Secret Keyword",
        "filename": "deploy/README.md",
        "hashed_secret": "33f220dd67f717cc949db63e21c90e130a6137da",
        "is_verified": false,
        "line_number": 338
      }
    ],
    "docs/CONTRIBUTING_SECURITY.md": [
      {
        "type": "Secret Keyword",
        "filename": "docs/CONTRIBUTING_SECURITY.md",
        "hashed_secret": "33a5c3270038edc370f609b9917575b9342e3286",
        "is_verified": false,
        "line_number": 120
      }
    ],
    "docs/SECURITY_MIGRATION.md": [
      {
        "type": "Secret Keyword",
        "filename": "docs/SECURITY_MIGRATION.md",
        "hashed_secret": "33a5c3270038edc370f609b9917575b9342e3286",
        "is_verified": false,
        "line_number": 247
      }
    ],
    "docs/api/README.md": [
      {
        "type": "Secret Keyword",
        "filename": "docs/api/README.md",
        "hashed_secret": "0d1ba0da3e84e54f29846c93c43182eede365858",
        "is_verified": false,
        "line_number": 35
      }
    ],
    "docs/archive/IMPLEMENTATION_COMPLETE.md": [
      {
        "type": "Secret Keyword",
        "filename": "docs/archive/IMPLEMENTATION_COMPLETE.md",
        "hashed_secret": "33f220dd67f717cc949db63e21c90e130a6137da",
        "is_verified": false,
        "line_number": 33
      },
      {
        "type": "Secret Keyword",
        "filename": "docs/archive/IMPLEMENTATION_COMPLETE.md",
        "hashed_secret": "c399cf6494d1307637d02f1f0a47a9b4d16635f2",
        "is_verified": false,
        "line_number": 34
      },
      {
        "type": "Secret Keyword",
        "filename": "docs/archive/IMPLEMENTATION_COMPLETE.md",
        "hashed_secret": "9eb8b0b7ebf60f62824b3d08842042bf447430b3",
        "is_verified": false,
        "line_number": 35
      },
      {
        "type": "Secret Keyword",
        "filename": "docs/archive/IMPLEMENTATION_COMPLETE.md",
        "hashed_secret": "11fa7c37d697f30e6aee828b4426a10f83ab2380",
        "is_verified": false,
        "line_number": 279
      },
      {
        "type": "Secret Keyword",
        "filename": "docs/archive/IMPLEMENTATION_COMPLETE.md",
        "hashed_secret": "9d4e1e23bd5b727046a9e3b4b7db57bd8d6ee684",
        "is_verified": false,
        "line_number": 287
      },
      {
        "type": "Secret Keyword",
        "filename": "docs/archive/IMPLEMENTATION_COMPLETE.md",
        "hashed_secret": "29c32f233d04598b3181c0e27ea0ec7a5c949297",
        "is_verified": false,
        "line_number": 305
      },
      {
        "type": "Secret Keyword",
        "filename": "docs/archive/IMPLEMENTATION_COMPLETE.md",
        "hashed_secret": "6d9c68c603e465077bdd49c62347fe54717f83a3",
        "is_verified": false,
        "line_number": 306
      },
      {
        "type": "Secret Keyword",
        "filename": "docs/archive/IMPLEMENTATION_COMPLETE.md",
        "hashed_secret": "c9f96d7bde5e713e1b18d1db3e6d5d3cd92493ee",
        "is_verified": false,
        "line_number": 338
      },
      {
        "type": "Secret Keyword",
        "filename": "docs/archive/IMPLEMENTATION_COMPLETE.md",
        "hashed_secret": "071a58d4a5d61e3f5d9301c32ef378649eb73e10",
        "is_verified": false,
        "line_number": 339
      },
      {
        "type": "Secret Keyword",
        "filename": "docs/archive/IMPLEMENTATION_COMPLETE.md",
        "hashed_secret": "86d5966a0898ebc7f9f9be1d489566224b376f37",
        "is_verified": false,
        "line_number": 340
      }
    ],
    "docs/archive/PROFESSIONAL_ANALYSIS_RESPONSE.md": [
      {
        "type": "Secret Keyword",
        "filename": "docs/archive/PROFESSIONAL_ANALYSIS_RESPONSE.md",
        "hashed_secret": "c9f96d7bde5e713e1b18d1db3e6d5d3cd92493ee",
        "is_verified": false,
        "line_number": 282
      },
      {
        "type": "Secret Keyword",
        "filename": "docs/archive/PROFESSIONAL_ANALYSIS_RESPONSE.md",
        "hashed_secret": "071a58d4a5d61e3f5d9301c32ef378649eb73e10",
        "is_verified": false,
        "line_number": 283
      },
      {
        "type": "Secret Keyword",
        "filename": "docs/archive/PROFESSIONAL_ANALYSIS_RESPONSE.md",
        "hashed_secret": "86d5966a0898ebc7f9f9be1d489566224b376f37",
        "is_verified": false,
        "line_number": 284
      },
      {
        "type": "Secret Keyword",
        "filename": "docs/archive/PROFESSIONAL_ANALYSIS_RESPONSE.md",
        "hashed_secret": "9d4e1e23bd5b727046a9e3b4b7db57bd8d6ee684",
        "is_verified": false,
        "line_number": 298
      },
      {
        "type": "Secret Keyword",
        "filename": "docs/archive/PROFESSIONAL_ANALYSIS_RESPONSE.md",
        "hashed_secret": "e5e9fa1ba31ecd1ae84f75caaa474f3a663f05f4",
        "is_verified": false,
        "line_number": 356
      }
    ],
    "docs/archive/README_IMPLEMENTATIONS.md": [
      {
        "type": "Secret Keyword",
        "filename": "docs/archive/README_IMPLEMENTATIONS.md",
        "hashed_secret": "f2d8a80b701237f514dff25532b1b00526a23baf",
        "is_verified": false,
        "line_number": 25
      },
      {
        "type": "Secret Keyword",
        "filename": "docs/archive/README_IMPLEMENTATIONS.md",
        "hashed_secret": "587d09bc0e426bfd0a700d74a564fef2f69147ba",
        "is_verified": false,
        "line_number": 26
      },
      {
        "type": "Secret Keyword",
        "filename": "docs/archive/README_IMPLEMENTATIONS.md",
        "hashed_secret": "5660e9311f78c0fae4471d18557c21aa46a519f7",
        "is_verified": false,
        "line_number": 27
      },
      {
        "type": "Secret Keyword",
        "filename": "docs/archive/README_IMPLEMENTATIONS.md",
        "hashed_secret": "89e495e7941cf9e40e6980d14a16bf023ccd4c91",
        "is_verified": false,
        "line_number": 46
      },
      {
        "type": "Secret Keyword",
        "filename": "docs/archive/README_IMPLEMENTATIONS.md",
        "hashed_secret": "29c32f233d04598b3181c0e27ea0ec7a5c949297",
        "is_verified": false,
        "line_number": 201
      },
      {
        "type": "Secret Keyword",
        "filename": "docs/archive/README_IMPLEMENTATIONS.md",
        "hashed_secret": "6d9c68c603e465077bdd49c62347fe54717f83a3",
        "is_verified": false,
        "line_number": 202
      },
      {
        "type": "Secret Keyword",
        "filename": "docs/archive/README_IMPLEMENTATIONS.md",
        "hashed_secret": "c9f96d7bde5e713e1b18d1db3e6d5d3cd92493ee",
        "is_verified": false,
        "line_number": 253
      },
      {
        "type": "Secret Keyword",
        "filename": "docs/archive/README_IMPLEMENTATIONS.md",
        "hashed_secret": "071a58d4a5d61e3f5d9301c32ef378649eb73e10",
        "is_verified": false,
        "line_number": 254
      },
      {
        "type": "Secret Keyword",
        "filename": "docs/archive/README_IMPLEMENTATIONS.md",
        "hashed_secret": "86d5966a0898ebc7f9f9be1d489566224b376f37",
        "is_verified": false,
        "line_number": 255
      },
      {
        "type": "Secret Keyword",
        "filename": "docs/archive/README_IMPLEMENTATIONS.md",
        "hashed_secret": "9d4e1e23bd5b727046a9e3b4b7db57bd8d6ee684",
        "is_verified": false,
        "line_number": 286
      }
    ],
    "docs/archive/RECOMMENDATIONS_IMPLEMENTATION.md": [
      {
        "type": "Secret Keyword",
        "filename": "docs/archive/RECOMMENDATIONS_IMPLEMENTATION.md",
        "hashed_secret": "9d4e1e23bd5b727046a9e3b4b7db57bd8d6ee684",
        "is_verified": false,
        "line_number": 29
      },
      {
        "type": "Secret Keyword",
        "filename": "docs/archive/RECOMMENDATIONS_IMPLEMENTATION.md",
        "hashed_secret": "33f220dd67f717cc949db63e21c90e130a6137da",
        "is_verified": false,
        "line_number": 46
      },
      {
        "type": "Secret Keyword",
        "filename": "docs/archive/RECOMMENDATIONS_IMPLEMENTATION.md",
        "hashed_secret": "cfab370af3d2e1ba2fe6319f82c5e4e6cf99a95f",
        "is_verified": false,
        "line_number": 47
      },
      {
        "type": "Secret Keyword",
        "filename": "docs/archive/RECOMMENDATIONS_IMPLEMENTATION.md",
        "hashed_secret": "e3ea82e1e1a31675146e74bf37f56224ca89f921",
        "is_verified": false,
        "line_number": 48
      },
      {
        "type": "Secret Keyword",
        "filename": "docs/archive/RECOMMENDATIONS_IMPLEMENTATION.md",
        "hashed_secret": "29c32f233d04598b3181c0e27ea0ec7a5c949297",
        "is_verified": false,
        "line_number": 498
      },
      {
        "type": "Secret Keyword",
        "filename": "docs/archive/RECOMMENDATIONS_IMPLEMENTATION.md",
        "hashed_secret": "6d9c68c603e465077bdd49c62347fe54717f83a3",
        "is_verified": false,
        "line_number": 499
      },
      {
        "type": "Secret Keyword",
        "filename": "docs/archive/RECOMMENDATIONS_IMPLEMENTATION.md",
        "hashed_secret": "29b8dca3de5ff27bcf8bd3b622adf9970f29381c",
        "is_verified": false,
        "line_number": 523
      },
      {
        "type": "Secret Keyword",
        "filename": "docs/archive/RECOMMENDATIONS_IMPLEMENTATION.md",
        "hashed_secret": "071a58d4a5d61e3f5d9301c32ef378649eb73e10",
        "is_verified": false,
        "line_number": 524
      },
      {
        "type": "Secret Keyword",
        "filename": "docs/archive/RECOMMENDATIONS_IMPLEMENTATION.md",
        "hashed_secret": "86d5966a0898ebc7f9f9be1d489566224b376f37",
        "is_verified": false,
        "line_number": 525
      }
    ],
    "docs/clinical_deployment_guide.md": [
      {
        "type": "Secret Keyword",
        "filename": "docs/clinical_deployment_guide.md",
        "hashed_secret": "d1b7e1c27fc85c2bb6e5f2923451bbc76b156e72",
        "is_verified": false,
        "line_number": 215
      }
    ],
    "docs/federated_learning/CONFIGURATION.md": [
      {
        "type": "Secret Keyword",
        "filename": "docs/federated_learning/CONFIGURATION.md",
        "hashed_secret": "a616a64c0fbc30f12287d0f24f3b90dd2e6a206e",
        "is_verified": false,
        "line_number": 87
      }
    ],
    "docs/security/LOGGING_SANITIZATION.md": [
      {
        "type": "Secret Keyword",
        "filename": "docs/security/LOGGING_SANITIZATION.md",
        "hashed_secret": "f2b14f68eb995facb3a1c35287b778d5bd785511",
        "is_verified": false,
        "line_number": 135
      },
      {
        "type": "Secret Keyword",
        "filename": "docs/security/LOGGING_SANITIZATION.md",
        "hashed_secret": "89ef780b8fa508e3db01fdaeb445eb1f54e75287",
        "is_verified": false,
        "line_number": 175
      }
    ],
    "docs/security/RATE_LIMITING.md": [
      {
        "type": "Secret Keyword",
        "filename": "docs/security/RATE_LIMITING.md",
        "hashed_secret": "a4b48a81cdab1e1a5dd37907d6c85ca1c61ddc7c",
        "is_verified": false,
        "line_number": 119
      }
    ],
    "docs/security/SECRETS_MANAGEMENT.md": [
      {
        "type": "Secret Keyword",
        "filename": "docs/security/SECRETS_MANAGEMENT.md",
        "hashed_secret": "45d676e7c6ab44cf4b8fa366ef2d8fccd3e6d6e6",
        "is_verified": false,
        "line_number": 62
      },
      {
        "type": "Secret Keyword",
        "filename": "docs/security/SECRETS_MANAGEMENT.md",
        "hashed_secret": "6d9c68c603e465077bdd49c62347fe54717f83a3",
        "is_verified": false,
        "line_number": 63
      },
      {
        "type": "Secret Keyword",
        "filename": "docs/security/SECRETS_MANAGEMENT.md",
        "hashed_secret": "354b3a4b7715d3694c88a4fa7db49e41de86568e",
        "is_verified": false,
        "line_number": 83
      }
    ],
    "docs/security/SECURITY_TESTING_GUIDE.md": [
      {
        "type": "Secret Keyword",
        "filename": "docs/security/SECURITY_TESTING_GUIDE.md",
        "hashed_secret": "72559b51f94a7a3ad058c5740cbe2f7cb0d4080b",
        "is_verified": false,
        "line_number": 184
      }
    ],
    "docs/training/TECHNICAL_ADMIN_GUIDE.md": [
      {
        "type": "Secret Keyword",
        "filename": "docs/training/TECHNICAL_ADMIN_GUIDE.md",
        "hashed_secret": "050c23afae663933136b2cf51475f8be3ce9e105",
        "is_verified": false,
        "line_number": 472
      },
      {
        "type": "Secret Keyword",
        "filename": "docs/training/TECHNICAL_ADMIN_GUIDE.md",
        "hashed_secret": "5baa61e4c9b93f3f0682250b6cf8331b7ee68fd8",
        "is_verified": false,
        "line_number": 879
      }
    ],
    "k8s/federated/client-deployment.yaml": [
      {
        "type": "Secret Keyword",
        "filename": "k8s/federated/client-deployment.yaml",
        "hashed_secret": "065a3549a27849296d9fcf08aaec81ae9a982724",
        "is_verified": false,
        "line_number": 68
      }
    ],
    "k8s/federated/coordinator-deployment.yaml": [
      {
        "type": "Secret Keyword",
        "filename": "k8s/federated/coordinator-deployment.yaml",
        "hashed_secret": "065a3549a27849296d9fcf08aaec81ae9a982724",
        "is_verified": false,
        "line_number": 85
      }
    ],
    "k8s/helm/histocore/README.md": [
      {
        "type": "Secret Keyword",
        "filename": "k8s/helm/histocore/README.md",
        "hashed_secret": "fa9beb99e4029ad5a6615399e7bbae21356086b3",
        "is_verified": false,
        "line_number": 173
      }
    ],
    "k8s/helm/histocore/values-prod.yaml": [
      {
        "type": "Secret Keyword",
        "filename": "k8s/helm/histocore/values-prod.yaml",
        "hashed_secret": "762d33d85c55e2f8157f512a3bbab17f2fbfd060",
        "is_verified": false,
        "line_number": 49
      }
    ],
    "k8s/helm/histocore/values.yaml": [
      {
        "type": "Secret Keyword",
        "filename": "k8s/helm/histocore/values.yaml",
        "hashed_secret": "762d33d85c55e2f8157f512a3bbab17f2fbfd060",
        "is_verified": false,
        "line_number": 62
      }
    ],
    "k8s/ingress.yaml": [
      {
        "type": "Secret Keyword",
        "filename": "k8s/ingress.yaml",
        "hashed_secret": "762d33d85c55e2f8157f512a3bbab17f2fbfd060",
        "is_verified": false,
        "line_number": 37
      }
    ],
    "k8s/services.yaml": [
      {
        "type": "Secret Keyword",
        "filename": "k8s/services.yaml",
        "hashed_secret": "9607550a2e9d89d98ccedc55560edcbe7e01bf85",
        "is_verified": false,
        "line_number": 65
      }
    ],
    "kubernetes/coordinator-deployment.yaml": [
      {
        "type": "Secret Keyword",
        "filename": "kubernetes/coordinator-deployment.yaml",
        "hashed_secret": "065a3549a27849296d9fcf08aaec81ae9a982724",
        "is_verified": false,
        "line_number": 130
      }
    ],
    "scripts/scorpion/audit_scorpion_manifest.py": [
      {
        "type": "Artifactory Credentials",
        "filename": "scripts/scorpion/audit_scorpion_manifest.py",
        "hashed_secret": "413ee57b702377141564405c2326bb2c3440c77b",
        "is_verified": false,
        "line_number": 88
      }
    ],
    "scripts/setup_production_db.py": [
      {
        "type": "Secret Keyword",
        "filename": "scripts/setup_production_db.py",
        "hashed_secret": "f865b53623b121fd34ee5426c792e5c33af8c227",
        "is_verified": false,
        "line_number": 37
      }
    ],
    "src/api/oauth.py": [
      {
        "type": "Secret Keyword",
        "filename": "src/api/oauth.py",
        "hashed_secret": "c303df00cd0a72b21c62900b758b06fc541664ce",
        "is_verified": false,
        "line_number": 514
      }
    ],
    "src/core/utils/security_audit.py": [
      {
        "type": "Secret Keyword",
        "filename": "src/core/utils/security_audit.py",
        "hashed_secret": "94732424e16be827cd46aa294394ab3ce93b55f4",
        "is_verified": false,
        "line_number": 22
      },
      {
        "type": "Secret Keyword",
        "filename": "src/core/utils/security_audit.py",
        "hashed_secret": "a613756e030149431b0337e8b3a6c62440eb5ddc",
        "is_verified": false,
        "line_number": 23
      }
    ],
    "src/features/research/annotation/workflow/README.md": [
      {
        "type": "Secret Keyword",
        "filename": "src/features/research/annotation/workflow/README.md",
        "hashed_secret": "5baa61e4c9b93f3f0682250b6cf8331b7ee68fd8",
        "is_verified": false,
        "line_number": 172
      }
    ],
    "src/platform/deployment/production_optimization.py": [
      {
        "type": "Secret Keyword",
        "filename": "src/platform/deployment/production_optimization.py",
        "hashed_secret": "3fbaab2f06c1beb7fed506caec2b3f126e361e68",
        "is_verified": false,
        "line_number": 578
      }
    ],
    "src/platform/integration/lis/sunquest_plugin.py": [
      {
        "type": "Secret Keyword",
        "filename": "src/platform/integration/lis/sunquest_plugin.py",
        "hashed_secret": "a94a8fe5ccb19ba61c4c0873d391e987982fbbd3",
        "is_verified": false,
        "line_number": 154
      }
    ],
    "src/platform/integration/scanners/leica_plugin.py": [
      {
        "type": "Secret Keyword",
        "filename": "src/platform/integration/scanners/leica_plugin.py",
        "hashed_secret": "00942f4668670f34c5943cf52c7ef3139fe2b8d6",
        "is_verified": false,
        "line_number": 175
      }
    ],
    "src/streaming/README.md": [
      {
        "type": "Secret Keyword",
        "filename": "src/streaming/README.md",
        "hashed_secret": "e5e9fa1ba31ecd1ae84f75caaa474f3a663f05f4",
        "is_verified": false,
        "line_number": 353
      },
      {
        "type": "Secret Keyword",
        "filename": "src/streaming/README.md",
        "hashed_secret": "9d4e1e23bd5b727046a9e3b4b7db57bd8d6ee684",
        "is_verified": false,
        "line_number": 386
      }
    ],
    "src/streaming/audit.py": [
      {
        "type": "Secret Keyword",
        "filename": "src/streaming/audit.py",
        "hashed_secret": "94732424e16be827cd46aa294394ab3ce93b55f4",
        "is_verified": false,
        "line_number": 32
      }
    ]
  },
  "generated_at": "2026-09-18T15:23:46Z"
}
